// Jest Snapshot v1, https://goo.gl/fbAQLP

exports[`<Counter /> should render <Counter /> correctly 1`] = `
<div
  class="nartefacts-c-AIGlN"
>
  <div
    class="nartefacts-c-XyGMV"
  >
    <p>
      0 Gradients Generated
       
    </p>
  </div>
</div>
`;
