// Jest Snapshot v1, https://goo.gl/fbAQLP

exports[`<Generated /> should render <Generated /> correctly 1`] = `
<div
  class="nartefacts-c-PJLV nartefacts-c-bMThXb"
>
  <div
    class="nartefacts-c-lmYeeW"
  >
    <span
      style="box-sizing: border-box; display: block; overflow: hidden; background: none; opacity: 1; border: 0px; margin: 0px; padding: 0px; position: relative;"
    >
      <span
        style="box-sizing: border-box; display: block; background: none; opacity: 1; border: 0px; margin: 0px; padding: 100% 0px 0px 0px;"
      />
      <img
        alt="user uploaded image"
        data-nimg="responsive"
        decoding="async"
        src="data:image/gif;base64,R0lGODlhAQABAIAAAAAAAP///yH5BAEAAAAALAAAAAABAAEAAAIBRAA7"
        style="position: absolute; top: 0px; left: 0px; bottom: 0px; right: 0px; box-sizing: border-box; padding: 0px; margin: auto; display: block; width: 0px; height: 0px; min-width: 100%; max-width: 100%; min-height: 100%; max-height: 100%; filter: blur(20px); background-size: cover; background-image: url(https://ucarecdn.com/c515e4b5-a5bb-44a3-85d0-f139497e0de0/forbrokenearsep_tems.jpeg); background-position: 0% 0%;"
      />
      <noscript />
    </span>
  </div>
  <button
    aria-controls="radix-3"
    aria-expanded="false"
    aria-haspopup="dialog"
    class="nartefacts-c-hctSdv nartefacts-c-hctSdv-ksKRLf-size-sm nartefacts-c-hctSdv-eVtbBr-variant-dark nartefacts-c-hctSdv-deuXAd-fullWidth-true nartefacts-c-hctSdv-etFzOM-size-md nartefacts-c-hctSdv-iPJLV-css"
    data-state="closed"
    data-testid="export-button"
    type="button"
  >
    export
  </button>
  <div>
    <div
      class="react-horizontal-scrolling-menu--wrapper "
    >
      <div
        class="react-horizontal-scrolling-menu--header"
      />
      <div
        class="react-horizontal-scrolling-menu--inner-wrapper"
      >
        <div
          class="react-horizontal-scrolling-menu--arrow-left"
        />
        <div
          class="react-horizontal-scrolling-menu--scroll-container "
        >
          <div
            class="react-horizontal-scrolling-menu--item "
            data-index="0"
            data-key="#095525"
          >
            <div
              class="nartefacts-c-PJLV nartefacts-c-DxlRh nartefacts-c-DxlRh-uAklm-size-md nartefacts-c-DxlRh-dhVnEv-size-lg nartefacts-c-PJLV-icndjIz-css"
              data-testid="color-box"
            >
              <span />
            </div>
          </div>
          <div
            class="react-horizontal-scrolling-menu--separator "
            data-index="0.1"
            data-key="#095525-separator"
          />
          <div
            class="react-horizontal-scrolling-menu--item "
            data-index="1"
            data-key="#673636"
          >
            <div
              class="nartefacts-c-PJLV nartefacts-c-DxlRh nartefacts-c-DxlRh-uAklm-size-md nartefacts-c-DxlRh-dhVnEv-size-lg nartefacts-c-PJLV-ikUUhWU-css"
              data-testid="color-box"
            >
              <span />
            </div>
          </div>
          <div
            class="react-horizontal-scrolling-menu--separator "
            data-index="1.1"
            data-key="#673636-separator"
          />
          <div
            class="react-horizontal-scrolling-menu--item "
            data-index="2"
            data-key="#379273"
          >
            <div
              class="nartefacts-c-PJLV nartefacts-c-DxlRh nartefacts-c-DxlRh-uAklm-size-md nartefacts-c-DxlRh-dhVnEv-size-lg nartefacts-c-PJLV-ijASQqu-css"
              data-testid="color-box"
            >
              <span />
            </div>
          </div>
          <div
            class="react-horizontal-scrolling-menu--separator "
            data-index="2.1"
            data-key="#379273-separator"
          />
          <div
            class="react-horizontal-scrolling-menu--item "
            data-index="3"
            data-key="#136407"
          >
            <div
              class="nartefacts-c-PJLV nartefacts-c-DxlRh nartefacts-c-DxlRh-uAklm-size-md nartefacts-c-DxlRh-dhVnEv-size-lg nartefacts-c-PJLV-ibBDuEG-css"
              data-testid="color-box"
            >
              <span />
            </div>
          </div>
          <div
            class="react-horizontal-scrolling-menu--separator "
            data-index="3.1"
            data-key="#136407-separator"
          />
          <div
            class="react-horizontal-scrolling-menu--item "
            data-index="4"
            data-key="#573227"
          >
            <div
              class="nartefacts-c-PJLV nartefacts-c-DxlRh nartefacts-c-DxlRh-uAklm-size-md nartefacts-c-DxlRh-dhVnEv-size-lg nartefacts-c-PJLV-igZxaNn-css"
              data-testid="color-box"
            >
              <span />
            </div>
          </div>
          <div
            class="react-horizontal-scrolling-menu--separator "
            data-index="4.1"
            data-key="#573227-separator"
          />
          <div
            class="react-horizontal-scrolling-menu--item "
            data-index="5"
            data-key="#547820"
          >
            <div
              class="nartefacts-c-PJLV nartefacts-c-DxlRh nartefacts-c-DxlRh-uAklm-size-md nartefacts-c-DxlRh-dhVnEv-size-lg nartefacts-c-PJLV-ifyEfth-css"
              data-testid="color-box"
            >
              <span />
            </div>
          </div>
          <div
            class="react-horizontal-scrolling-menu--separator "
            data-index="5.1"
            data-key="#547820-separator"
          />
          <div
            class="react-horizontal-scrolling-menu--item "
            data-index="6"
            data-key="#163598"
          >
            <div
              class="nartefacts-c-PJLV nartefacts-c-DxlRh nartefacts-c-DxlRh-uAklm-size-md nartefacts-c-DxlRh-dhVnEv-size-lg nartefacts-c-PJLV-iihcxYh-css"
              data-testid="color-box"
            >
              <span />
            </div>
          </div>
          <div
            class="react-horizontal-scrolling-menu--separator "
            data-index="6.1"
            data-key="#163598-separator"
          />
          <div
            class="react-horizontal-scrolling-menu--item "
            data-index="7"
            data-key="#682052"
          >
            <div
              class="nartefacts-c-PJLV nartefacts-c-DxlRh nartefacts-c-DxlRh-uAklm-size-md nartefacts-c-DxlRh-dhVnEv-size-lg nartefacts-c-PJLV-ifUsSfW-css"
              data-testid="color-box"
            >
              <span />
            </div>
          </div>
        </div>
        <div
          class="react-horizontal-scrolling-menu--arrow-right"
        />
      </div>
      <div
        class="react-horizontal-scrolling-menu--footer"
      />
    </div>
  </div>
</div>
`;

exports[`<Generated /> should render with image placeholder if imageUrl is invalid   1`] = `
<img
  alt="user uploaded image"
  data-nimg="responsive"
  decoding="async"
  src="data:image/gif;base64,R0lGODlhAQABAIAAAAAAAP///yH5BAEAAAAALAAAAAABAAEAAAIBRAA7"
  style="position: absolute; top: 0px; left: 0px; bottom: 0px; right: 0px; box-sizing: border-box; padding: 0px; margin: auto; display: block; width: 0px; height: 0px; min-width: 100%; max-width: 100%; min-height: 100%; max-height: 100%; filter: blur(20px); background-size: cover; background-image: url(/static/placeholder.png); background-position: 0% 0%;"
/>
`;
