// Jest Snapshot v1, https://goo.gl/fbAQLP

exports[`<Card /> should render card  correctly 1`] = `
.c0 {
  display: -webkit-box;
  display: -webkit-flex;
  display: -ms-flexbox;
  display: flex;
  -webkit-flex-direction: column;
  -ms-flex-direction: column;
  flex-direction: column;
  gap: 32px;
}

.c1 {
  background: linear-gradient( to bottom,rgba(0,0,0,0.5),rgba(0,0,0,0.5) );
  width: 100%;
  height: 122px;
  border: 4px solid #363636;
  border-radius: 4px;
}

.c2 {
  border: 4px solid #363636;
  border-radius: 4px;
}

.c2 span {
  border-radius: 4px;
}

<div
  class="c0"
>
  <div
    class="c1"
  />
  <div
    class="c2"
  >
    <span
      style="box-sizing: border-box; display: block; overflow: hidden; background: none; opacity: 1; border: 0px; margin: 0px; padding: 0px; position: relative;"
    >
      <span
        style="box-sizing: border-box; display: block; background: none; opacity: 1; border: 0px; margin: 0px; padding: 100% 0px 0px 0px;"
      />
      <img
        alt="album art"
        data-nimg="responsive"
        decoding="async"
        src="data:image/gif;base64,R0lGODlhAQABAIAAAAAAAP///yH5BAEAAAAALAAAAAABAAEAAAIBRAA7"
        style="position: absolute; top: 0px; left: 0px; bottom: 0px; right: 0px; box-sizing: border-box; padding: 0px; margin: auto; display: block; width: 0px; height: 0px; min-width: 100%; max-width: 100%; min-height: 100%; max-height: 100%;"
      />
      <noscript />
    </span>
  </div>
</div>
`;
